55 00 05 01 2c 30 40 50 08
55 01 05 08 2d 31 41 51 00
55 02 05 0f 2e 32 42 52 04
55 03 05 16 2f 33 43 53 1c
55 04 05 1d 30 34 44 54 08
55 05 05 24 31 35 40 55 35
55 06 05 2b 32 36 41 56 3b
55 07 05 32 33 37 42 50 26
55 08 05 39 34 38 43 51 2a
55 09 05 40 35 39 44 52 56
55 0a 05 47 36 30 40 53 5d
55 0b 05 4e 37 31 41 54 53
55 0c 05 55 38 32 42 55 41
55 0d 05 5c 39 33 43 56 4b
55 0e 05 63 3a 34 44 50 72
55 0f 05 6a 3b 35 40 51 7f
55 10 05 71 3c 36 41 52 7d
55 11 05 78 3d 37 42 53 77
55 12 05 7f 3e 38 43 54 79
55 13 05 86 3f 39 00 55 87
55 14 05 8d 40 30 40 56 fa
55 15 05 94 41 31 41 50 e5
55 16 05 9b 42 32 42 51 eb
55 17 05 a2 43 33 43 52 d1
55 18 05 a9 44 34 44 53 d3
55 19 05 b0 45 35 40 54 c8
55 1a 05 b7 46 36 41 55 cc
55 1b 05 be 47 37 42 56 c4
55 1c 05 c5 48 38 43 50 bf
55 1d 05 cc 49 39 44 51 b1
55 1e 05 d3 4a 30 40 52 a0
55 1f 05 da 4b 31 41 53 a8
55 20 05 e1 4c 32 42 54 ac
55 21 05 e8 4d 33 43 55 a4
55 22 05 ef 4e 34 44 56 a0
55 23 05 f6 4f 35 40 50 ba
55 24 05 fd 50 36 41 51 aa
55 27 05 04 52 37 42 52 53
55 26 05 0b 53 38 43 53 53
55 27 05 12 54 39 44 54 4d
55 28 05 19 55 30 40 55 44
55 29 05 20 56 31 41 56 7c
55 2a 05 27 57 32 42 50 7f
55 2b 05 2e 58 33 43 51 79
55 2c 05 35 59 34 44 52 67
55 2d 05 3c 5a 35 40 53 68
55 2e 05 43 5b 36 41 54 10
55 2f 05 4a 5c 37 42 55 1c
55 30 05 51 5d 38 43 56 14
55 31 05 58 5e 39 44 50 1f
55 32 05 5f 5f 30 40 51 16
55 33 05 66 60 31 41 52 12
55 34 05 6d 61 32 42 53 1e
55 35 05 74 62 33 43 54 02
55 36 05 7b 63 34 44 55 0e
55 37 05 82 64 35 40 56 f7
55 38 05 89 65 36 41 50 f6
55 39 05 90 66 37 42 51 ee
55 3a 05 97 67 38 43 52 e6
55 3b 05 9e 68 39 44 53 e6
